<html>
<body>
<pre>
<h1>µVision Build Log</h1>
<h2>Tool Versions:</h2>
IDE-Version: ¦ÌVision V5.24.2.0
Copyright (C) 2017 ARM Ltd and ARM Germany GmbH. All rights reserved.
License Information: 2 mu, 2, LIC=QF82M-XYSHY-01YP1-CPLGR-DRA7X-X7XUP
 
Tool Versions:
Toolchain:       MDK-ARM Plus  Version: 5.24.1
Toolchain Path:  D:\Keil_v5\ARM\ARMCC\Bin
C Compiler:      Armcc.exe V5.06 update 5 (build 528)
Assembler:       Armasm.exe V5.06 update 5 (build 528)
Linker/Locator:  ArmLink.exe V5.06 update 5 (build 528)
Library Manager: ArmAr.exe V5.06 update 5 (build 528)
Hex Converter:   FromElf.exe V5.06 update 5 (build 528)
CPU DLL:         SARMCM3.DLL V5.24.1
Dialog DLL:      DCM.DLL V1.16.0.0
Target DLL:      STLink\ST-LINKIII-KEIL_SWO.dll V3.0.1.0
Dialog DLL:      TCM.DLL V1.32.0.0
 
<h2>Project:</h2>
H:\Git_Repo1\STM32_Learning\10 I2C\10-1 I2C\Project1.uvprojx
Project File Date:  01/15/2024

<h2>Output:</h2>
*** Using Compiler 'V5.06 update 5 (build 528)', folder: 'D:\Keil_v5\ARM\ARMCC\Bin'
Build target 'Target 1'
compiling MPU6050.c...
Hardware\MyI2C.h(17): warning:  #1295-D: Deprecated declaration myI2C_Start - give arg types
  void myI2C_Start();
Hardware\MyI2C.h(20): warning:  #1295-D: Deprecated declaration myI2C_Stop - give arg types
  void myI2C_Stop();
Hardware\MyI2C.h(24): warning:  #1295-D: Deprecated declaration myI2C_Receive - give arg types
  uint8_t myI2C_Receive();
Hardware\MyI2C.h(27): warning:  #1295-D: Deprecated declaration myI2C_RACK - give arg types
  uint8_t myI2C_RACK();
Hardware\MyI2C.h(33): warning:  #1295-D: Deprecated declaration MyI2C_Init - give arg types
  void MyI2C_Init();
Hardware\MPU6050.c(93): warning:  #1-D: last line of file ends without a newline
  }
Hardware\MPU6050.c: 6 warnings, 0 errors
linking...
Program Size: Code=2932 RO-data=1788 RW-data=16 ZI-data=1632  
".\Objects\Project1.axf" - 0 Error(s), 6 Warning(s).

<h2>Software Packages used:</h2>

Package Vendor: Keil
                http://www.keil.com/pack/Keil.STM32F1xx_DFP.2.2.0.pack
                Keil.STM32F1xx_DFP.2.2.0
                STMicroelectronics STM32F1 Series Device Support, Drivers and Examples

<h2>Collection of Component include folders:</h2>
  .\RTE\_Target_1
  D:\Keil_v5\ARM\PACK\Keil\STM32F1xx_DFP\2.2.0\Device\Include

<h2>Collection of Component Files used:</h2>
Build Time Elapsed:  00:00:01
</pre>
</body>
</html>
